// Jest Snapshot v1, https://goo.gl/fbAQLP

exports[`Test of Calculator page test if Calculator page is rendered 1`] = `
<div
  className="container"
>
  <div
    className="output"
  >
    <span>
      0
    </span>
  </div>
  <button
    onClick={[Function]}
    type="submit"
  >
    AC
  </button>
  <button
    onClick={[Function]}
    type="submit"
  >
    +/-
  </button>
  <button
    onClick={[Function]}
    type="submit"
  >
    %
  </button>
  <button
    className="operand"
    onClick={[Function]}
    type="submit"
  >
    รท
  </button>
  <button
    onClick={[Function]}
    type="submit"
  >
    7
  </button>
  <button
    onClick={[Function]}
    type="submit"
  >
    8
  </button>
  <button
    onClick={[Function]}
    type="submit"
  >
    9
  </button>
  <button
    className="operand"
    onClick={[Function]}
    type="submit"
  >
    x
  </button>
  <button
    onClick={[Function]}
    type="submit"
  >
    4
  </button>
  <button
    onClick={[Function]}
    type="submit"
  >
    5
  </button>
  <button
    onClick={[Function]}
    type="submit"
  >
    6
  </button>
  <button
    className="operand"
    onClick={[Function]}
    type="submit"
  >
    -
  </button>
  <button
    onClick={[Function]}
    type="submit"
  >
    1
  </button>
  <button
    onClick={[Function]}
    type="submit"
  >
    2
  </button>
  <button
    onClick={[Function]}
    type="submit"
  >
    3
  </button>
  <button
    className="operand"
    onClick={[Function]}
    type="submit"
  >
    +
  </button>
  <button
    className="span__two"
    onClick={[Function]}
    type="submit"
  >
    0
  </button>
  <button
    onClick={[Function]}
    type="submit"
  >
    .
  </button>
  <button
    className="operand"
    onClick={[Function]}
    type="submit"
  >
    =
  </button>
</div>
`;
