// Jest Snapshot v1, https://goo.gl/fbAQLP

exports[`Test of Quote page test if Quote page is rendered 1`] = `
<div
  className="quotesbox"
/>
`;
